make[1]: Entering directory '/home/keidjaru/project/kernel/out'
  GEN     ./Makefile
scripts/kconfig/conf  --syncconfig Kconfig
*
* Restart config...
*
*
* Kernel Features
*
Page size
> 1. 4KB (ARM64_4K_PAGES)
  2. 16KB (ARM64_16K_PAGES)
  3. 64KB (ARM64_64K_PAGES)
choice[1-3?]: 1
Virtual address space size
> 1. 39-bit (ARM64_VA_BITS_39)
  2. 48-bit (ARM64_VA_BITS_48)
choice[1-2?]: 1
Physical address space size
> 1. 48-bit (ARM64_PA_BITS_48)
choice[1]: 1
Build big-endian kernel (CPU_BIG_ENDIAN) [N/y/?] n
Multi-core scheduler support (SCHED_MC) [Y/n/?] y
SMT scheduler support (SCHED_SMT) [N/y/?] n
Maximum number of CPUs (2-4096) (NR_CPUS) [8] 8
Support for hot-pluggable CPUs (HOTPLUG_CPU) [Y/?] y
Number of GPIOs in the system (ARCH_NR_GPIO) [256] 256
Numa Memory Allocation and Scheduler Support (NUMA) [N/y/?] n
Timer frequency
  1. 100 HZ (HZ_100)
> 2. 250 HZ (HZ_250)
  3. 300 HZ (HZ_300)
  4. 1000 HZ (HZ_1000)
choice[1-4?]: 2
ARM64 DMA iommu integration (ARM64_DMA_USE_IOMMU) [Y/n/?] y
  Maximum PAGE_SIZE order of alignment for DMA IOMMU buffers (ARM64_DMA_IOMMU_ALIGNMENT) [9] 9
Enable seccomp to safely compute untrusted bytecode (SECCOMP) [Y/?] y
Enable paravirtualization code (PARAVIRT) [N/y/?] n
Paravirtual steal time accounting (PARAVIRT_TIME_ACCOUNTING) [N/y/?] n
kexec system call (KEXEC) [N/y/?] n
Build kdump crash kernel (CRASH_DUMP) [N/y/?] n
Xen guest support on ARM64 (XEN) [N/y/?] n
Unmap kernel when running in userspace (aka "KAISER") (UNMAP_KERNEL_AT_EL0) [Y/?] y
Harden the branch predictor against aliasing attacks (HARDEN_BRANCH_PREDICTOR) [Y/n/?] y
Harden EL2 vector mapping against system register leak (HARDEN_EL2_VECTORS) [Y/n/?] y
Speculative Store Bypass Disable (ARM64_SSBD) [Y/n/?] y
Mitigate Spectre style attacks against branch history (MITIGATE_SPECTRE_BRANCH_HISTORY) [Y/n/?] y
Enable the tagged user addresses syscall ABI (ARM64_TAGGED_ADDR_ABI) [Y/n/?] y
Enable vDSO for 32-bit applications (COMPAT_VDSO) [Y/n/?] (NEW) y
Emulate Privileged Access Never using TTBR0_EL1 switching (ARM64_SW_TTBR0_PAN) [Y/?] y
ARM Scalable Vector Extension support (ARM64_SVE) [Y/n/?] y
Randomize the address of the kernel image (RANDOMIZE_BASE) [Y/n/?] y
  Randomize the module region over a 4 GB range (RANDOMIZE_MODULE_REGION_FULL) [Y/n/?] y
*
* General architecture-dependent options
*
Kprobes (KPROBES) [N/y/?] n
Optimize very unlikely/likely branches (JUMP_LABEL) [N/y/?] n
Stack Protector buffer overflow detection (STACKPROTECTOR) [Y/?] y
  Strong Stack Protector (STACKPROTECTOR_STRONG) [Y/?] y
Link-Time Optimization (LTO) (EXPERIMENTAL)
> 1. None (LTO_NONE)
  2. Use clang Link Time Optimization (LTO) (EXPERIMENTAL) (LTO_CLANG) (NEW)
choice[1-2?]: 2
Use clang Control Flow Integrity (CFI) (EXPERIMENTAL) (CFI_CLANG) [N/y/?] (NEW) y
  Use CFI shadow to speed up cross-module checks (CFI_CLANG_SHADOW) [Y/n/?] (NEW) y
Clang Shadow Call Stack (SHADOW_CALL_STACK) [N/y/?] (NEW) y
  Use virtually mapped shadow call stacks (SHADOW_CALL_STACK_VMAP) [N/y/?] (NEW) y
Number of bits to use for ASLR of mmap base address (ARCH_MMAP_RND_BITS) [18] 18
Number of bits to use for ASLR of mmap base address for compatible applications (ARCH_MMAP_RND_COMPAT_BITS) [11] 11
Use a virtually-mapped stack (VMAP_STACK) [Y/n/?] y
Perform full reference count validation at the expense of speed (REFCOUNT_FULL) [Y/?] y
Use RELR relocation packing (RELR) [Y/n/?] (NEW) y
*
* General architecture-dependent options
*
Kprobes (KPROBES) [N/y/?] n
Optimize very unlikely/likely branches (JUMP_LABEL) [N/y/?] n
Stack Protector buffer overflow detection (STACKPROTECTOR) [Y/?] y
  Strong Stack Protector (STACKPROTECTOR_STRONG) [Y/?] y
Use clang ThinLTO (EXPERIMENTAL) (THINLTO) [Y/n/?] (NEW) n
Link-Time Optimization (LTO) (EXPERIMENTAL)
  1. None (LTO_NONE)
> 2. Use clang Link Time Optimization (LTO) (EXPERIMENTAL) (LTO_CLANG)
choice[1-2?]: 2
Use CFI in permissive mode (CFI_PERMISSIVE) [N/y/?] (NEW) y
Use clang Control Flow Integrity (CFI) (EXPERIMENTAL) (CFI_CLANG) [Y/n/?] y
  Use CFI shadow to speed up cross-module checks (CFI_CLANG_SHADOW) [Y/n/?] y
Clang Shadow Call Stack (SHADOW_CALL_STACK) [Y/n/?] y
  Use virtually mapped shadow call stacks (SHADOW_CALL_STACK_VMAP) [Y/n/?] y
Number of bits to use for ASLR of mmap base address (ARCH_MMAP_RND_BITS) [18] 18
Number of bits to use for ASLR of mmap base address for compatible applications (ARCH_MMAP_RND_COMPAT_BITS) [11] 11
Use a virtually-mapped stack (VMAP_STACK) [Y/n/?] y
Perform full reference count validation at the expense of speed (REFCOUNT_FULL) [Y/?] y
Use RELR relocation packing (RELR) [Y/n/?] y
*
* Memory initialization
*
Initialize kernel stack variables at function entry
> 1. no automatic stack variable initialization (weakest) (INIT_STACK_NONE)
  2. pattern-init everything (strongest) (INIT_STACK_ALL_PATTERN) (NEW)
  3. zero-init everything (strongest and safest) (INIT_STACK_ALL_ZERO) (NEW)
choice[1-3?]: 3
Enable heap memory zeroing on allocation by default (INIT_ON_ALLOC_DEFAULT_ON) [N/y/?] n
Enable heap memory zeroing on free by default (INIT_ON_FREE_DEFAULT_ON) [N/y/?] n
  GEN     ./Makefile
  Using .. as source for kernel
  LDS     scripts/module-lto.lds
  CC      scripts/mod/empty.o
  CC      scripts/mod/devicetable-offsets.s
  MKELF   scripts/mod/elfconfig.h
  HOSTCC  scripts/mod/modpost.o
  HOSTCC  scripts/mod/sumversion.o
  HOSTCC  scripts/mod/file2alias.o
  HOSTLD  scripts/mod/modpost
  CC      kernel/bounds.s
  CC      arch/arm64/kernel/asm-offsets.s
  UPD     include/generated/asm-offsets.h
  CALL    ../scripts/checksyscalls.sh
  LDS     arch/arm64/kernel/vdso/vdso.lds
  CC      arch/arm64/kernel/vdso/vgettimeofday.o
  LD      arch/arm64/kernel/vdso/vdso.so.dbg
  VDSOSYM include/generated/vdso-offsets.h
  LDS     arch/arm64/kernel/vdso32/vdso.lds
  AS32    arch/arm64/kernel/vdso32/sigreturn.o
  LD32    arch/arm64/kernel/vdso32/vdso.so.raw
  MUNGE   arch/arm64/kernel/vdso32/vdso.so.dbg
  VDSOSYM include/generated/vdso32-offsets.h
  CC      init/main.o
  CHK     include/generated/compile.h
  CC      init/do_mounts.o
  CC      init/do_mounts_rd.o
  CC      init/do_mounts_initrd.o
  CC      init/initramfs.o
  CC      init/calibrate.o
  CC      init/init_task.o
  CC      init/version.o
  CC      arch/arm64/mm/dma-mapping.o
  CC      arch/arm64/mm/extable.o
  CC      arch/arm64/net/bpf_jit_comp.o
  CC      arch/arm64/kernel/debug-monitors.o
  AS      arch/arm64/kernel/entry.o
  CC      arch/arm64/mm/fault.o
  CC      arch/arm64/kernel/irq.o
  CC      arch/arm64/kernel/fpsimd.o
  AS      arch/arm64/kernel/entry-fpsimd.o
  CC      arch/arm64/mm/init.o
  AS      arch/arm64/mm/cache.o
  CC      arch/arm64/mm/copypage.o
  CC      arch/arm64/kernel/process.o
  CC      arch/arm64/kernel/ptrace.o
  CC      arch/arm64/kernel/setup.o
  AR      arch/arm64/net/built-in.a
  CC      arch/arm64/kernel/signal.o
  CC      arch/arm64/mm/flush.o
  CC      arch/arm64/kernel/sys.o
  CC      arch/arm64/crypto/sha2-ce-glue.o
  CC      arch/arm64/kernel/stacktrace.o
  CC      arch/arm64/mm/ioremap.o
  CC      arch/arm64/mm/mmap.o
  CC      arch/arm64/mm/pgd.o
  AR      init/built-in.a
  CC      arch/arm64/mm/mmu.o
  CC      arch/arm64/kernel/time.o
  CC      arch/arm64/kernel/traps.o
  CC      arch/arm64/mm/context.o
  CC      arch/arm64/kernel/io.o
  CC      arch/arm64/kernel/vdso.o
  AS      arch/arm64/crypto/sha2-ce-core.o
  AS      arch/arm64/kernel/hyp-stub.o
  AS      arch/arm64/mm/proc.o
  CC      arch/arm64/mm/pageattr.o
  AS      arch/arm64/crypto/aes-ce-core.o
  CC      arch/arm64/kernel/psci.o
  CC      arch/arm64/crypto/aes-ce-glue.o
  CC      arch/arm64/crypto/aes-glue-ce.o
  AS      arch/arm64/crypto/aes-ce.o
  CC      arch/arm64/crypto/sha256-glue.o
  CC      arch/arm64/kernel/cpu_ops.o
  AS      arch/arm64/crypto/aes-cipher-core.o
  CC      arch/arm64/kernel/insn.o
  CC      arch/arm64/kernel/return_address.o
  CC      arch/arm64/crypto/aes-cipher-glue.o
  CC      arch/arm64/kernel/cpuinfo.o
  CC      arch/arm64/kernel/cpu_errata.o
  CC      arch/arm64/kernel/cpufeature.o
  CC      arch/arm64/kernel/alternative.o
  CC      certs/system_keyring.o
  AR      arch/arm64/mm/built-in.a
  CC      arch/arm64/kernel/cacheinfo.o
  CC      arch/arm64/kernel/smp.o
  AR      arch/arm64/crypto/built-in.a
  CC      arch/arm64/kernel/smp_spin_table.o
  CC      arch/arm64/kernel/topology.o
  AS      arch/arm64/kernel/smccc-call.o
  CC      arch/arm64/kernel/syscall.o
  CC      kernel/fork.o
  CC      kernel/exec_domain.o
  AR      certs/built-in.a
  CC      arch/arm64/kernel/sys32.o
  CC      security/integrity/iint.o
  CC      arch/arm64/kernel/signal32.o
  CC      mm/filemap.o
  CC      fs/open.o
  CC      arch/arm64/kernel/sys_compat.o
  CC      kernel/panic.o
  CC      fs/read_write.o
  CC      arch/arm64/kernel/arm64ksyms.o
  CC      security/integrity/integrity_audit.o
  CC      block/bio.o
  CC      crypto/api.o
  CC      block/elevator.o
  CC      arch/arm64/kernel/module.o
  AR      security/integrity/built-in.a
  CC      security/keys/gc.o
  CC      security/keys/key.o
  CC      arch/arm64/kernel/module-plts.o
  CC      kernel/cpu.o
  CC      arch/arm64/kernel/perf_regs.o
  CC      arch/arm64/kernel/perf_callchain.o
  CC      security/keys/keyring.o
  CC      fs/file_table.o
  CC      crypto/cipher.o
  CC      fs/super.o
  CC      kernel/exit.o
  CC      mm/mempool.o
  CC      security/keys/keyctl.o
  CC      block/blk-core.o
  CC      block/blk-tag.o
  CC      arch/arm64/kernel/perf_event.o
  CC      arch/arm64/kernel/hw_breakpoint.o
  CC      crypto/compress.o
  CC      security/keys/permission.o
  CC      fs/char_dev.o
  CC      security/keys/process_keys.o
  CC      mm/oom_kill.o
  CC      fs/stat.o
  CC      kernel/softirq.o
  AS      arch/arm64/kernel/sleep.o
  CC      arch/arm64/kernel/suspend.o
  CC      mm/fadvise.o
  CC      crypto/crypto_wq.o
  CC      mm/maccess.o
  CC      security/keys/request_key.o
  CC      security/keys/request_key_auth.o
  CC      kernel/resource.o
  CC      arch/arm64/kernel/cpuidle.o
  CC      kernel/sysctl.o
  CC      crypto/algapi.o
  CC      block/blk-sysfs.o
  CC      security/keys/user_defined.o
  CC      fs/exec.o
  CC      arch/arm64/kernel/armv8_deprecated.o
  CC      arch/arm64/kernel/kaslr.o
  CC      arch/arm64/kernel/ssbd.o
  CC      mm/page_alloc.o
  CC      kernel/sysctl_binary.o
  CC      kernel/capability.o
  CC      arch/arm64/kernel/probes/uprobes.o
  CC      kernel/ptrace.o
  CC      security/keys/compat.o
  CC      kernel/user.o
  OBJCOPY arch/arm64/kernel/vdso/vdso.so
  AS      arch/arm64/kernel/vdso/vdso.o
  AR      arch/arm64/kernel/vdso/built-in.a
  CC      block/blk-flush.o
  CC      arch/arm64/kernel/probes/decode-insn.o
  CC      crypto/scatterwalk.o
  CC      security/keys/proc.o
  OBJCOPY arch/arm64/kernel/vdso32/vdso.so
  AS      arch/arm64/kernel/vdso32/vdso.o
  CC      kernel/signal.o
  CC      crypto/proc.o
  CC      fs/pipe.o
  AR      arch/arm64/kernel/vdso32/built-in.a
  CC      fs/namei.o
  CC      arch/arm64/kernel/probes/simulate-insn.o
  CC      kernel/sys.o
  CC      kernel/umh.o
  CC      security/keys/sysctl.o
  CC      kernel/workqueue.o
  CC      block/blk-settings.o
  CC      crypto/aead.o
  CC      crypto/ablkcipher.o
  AR      arch/arm64/kernel/probes/built-in.a
  CC      arch/arm64/kernel/scs.o
  AR      security/keys/built-in.a
  CC      security/selinux/avc.o
  AS      arch/arm64/kernel/head.o
  CC      security/selinux/hooks.o
  CC      kernel/pid.o
  LDS     arch/arm64/kernel/vmlinux.lds
  AR      arch/arm64/kernel/built-in.a
  CC      mm/page-writeback.o
  CC      drivers/amba/bus.o
  CC      block/blk-ioc.o
  CC      crypto/blkcipher.o
  CC      kernel/task_work.o
  CC      kernel/extable.o
  CC      crypto/skcipher.o
  AR      drivers/amba/built-in.a
  CC      drivers/android/binderfs.o
  CC      crypto/seqiv.o
  CC      fs/fcntl.o
  CC      kernel/params.o
  CC      kernel/kthread.o
  CC      kernel/sys_ni.o
  CC      kernel/nsproxy.o
  CC      kernel/notifier.o
  CC      block/blk-map.o
  CC      crypto/echainiv.o
  CC      drivers/android/binder.o
  CC      kernel/ksysfs.o
  CC      crypto/ahash.o
  CC      mm/readahead.o
  CC      kernel/cred.o
  CC      fs/ioctl.o
  CC      crypto/shash.o
  CC      crypto/akcipher.o
  CC      security/selinux/selinuxfs.o
  CC      kernel/reboot.o
  CC      kernel/async.o
  CC      block/blk-exec.o
  CC      security/selinux/netlink.o
  CC      crypto/kpp.o
  CC      kernel/range.o
  CC      security/selinux/nlmsgtab.o
  CC      kernel/smpboot.o
  CC      fs/readdir.o
  CC      crypto/rsapubkey.asn1.o
  CC      kernel/ucount.o
  CC      crypto/rsaprivkey.asn1.o
  CC      mm/swap.o
  CC      security/selinux/netif.o
  CC      crypto/rsa.o
  CC      block/blk-merge.o
  CC      kernel/kmod.o
  CC      kernel/groups.o
  CC      kernel/cgroup/cgroup.o
  CC      crypto/rsa_helper.o
  CC      security/selinux/netnode.o
  CC      drivers/android/binder_alloc.o
  CC      crypto/rsa-pkcs1pad.o
  CC      kernel/bpf/core.o
  CC      crypto/acompress.o
  CC      fs/select.o
  CC      security/selinux/netport.o
  CC      crypto/scompress.o
  CC      kernel/dma/mapping.o
  CC      kernel/events/core.o
  CC      block/blk-softirq.o
  AR      drivers/android/built-in.a
  CC      mm/truncate.o
  CC      drivers/base/component.o
  CC      block/blk-timeout.o
  CC      security/selinux/ibpkey.o
  CC      security/selinux/exports.o
  CC      crypto/algboss.o
  CC      kernel/dma/contiguous.o
  CC      kernel/bpf/syscall.o
  CC      block/blk-lib.o
  CC      drivers/base/core.o
  CC      mm/vmscan.o
  CC      block/blk-mq.o
  CC      kernel/dma/coherent.o
  CC      fs/dcache.o
  CC      security/selinux/ss/ebitmap.o
  CC      crypto/testmgr.o
  CC      kernel/dma/removed.o
  CC      block/blk-mq-tag.o
  CC      kernel/cgroup/rstat.o
  CC      kernel/dma/direct.o
  CC      security/selinux/ss/hashtab.o
  CC      crypto/crypto_user.o
  CC      kernel/cgroup/namespace.o
  CC      kernel/cgroup/cgroup-v1.o
  CC      fs/inode.o
  CC      security/selinux/ss/symtab.o
  CC      drivers/base/bus.o
  CC      security/selinux/ss/sidtab.o
  CC      block/blk-stat.o
  CC      kernel/bpf/verifier.o
  CC      kernel/dma/swiotlb.o
  CC      block/blk-mq-sysfs.o
  CC      crypto/cmac.o
  CC      kernel/cgroup/freezer.o
  CC      kernel/events/ring_buffer.o
  CC      drivers/base/dd.o
  CC      crypto/hmac.o
  CC      kernel/cgroup/legacy_freezer.o
  CC      kernel/cgroup/cpuset.o
  CC      block/blk-mq-cpumap.o
  CC      security/selinux/ss/avtab.o
  CC      block/blk-mq-sched.o
  AR      kernel/dma/built-in.a
  CC      fs/attr.o
  CC      kernel/irq/irqdesc.o
  CC      crypto/xcbc.o
  CC      drivers/base/syscore.o
  CC      block/ioctl.o
  CC      kernel/events/callchain.o
  CC      fs/bad_inode.o
  CC      security/selinux/ss/policydb.o
  CC      crypto/crypto_null.o
  CC      mm/shmem.o
  CC      crypto/md5.o
  CC      kernel/irq/handle.o
  CC      crypto/sha1_generic.o
  AR      kernel/cgroup/built-in.a
  CC      kernel/locking/mutex.o
  CC      kernel/bpf/inode.o
  CC      kernel/events/hw_breakpoint.o
  CC      drivers/base/driver.o
  CC      fs/file.o
  CC      block/genhd.o
  CC      kernel/irq/manage.o
  CC      drivers/base/class.o
  CC      kernel/locking/semaphore.o
  CC      drivers/base/platform.o
  CC      crypto/sha256_generic.o
  CC      kernel/power/qos.o
  CC      kernel/events/uprobes.o
  CC      fs/filesystems.o
  CC      kernel/bpf/helpers.o
  CC      security/selinux/ss/services.o
  CC      drivers/base/cpu.o
  CC      kernel/irq/spurious.o
  CC      kernel/locking/rwsem.o
../kernel/power/qos.c:1004:13: warning: unused function 'pm_qos_irq_release' [-Wunused-function]
 1004 | static void pm_qos_irq_release(struct kref *ref)
      |             ^~~~~~~~~~~~~~~~~~
../kernel/power/qos.c:1022:13: warning: unused function 'pm_qos_irq_notify' [-Wunused-function]
 1022 | static void pm_qos_irq_notify(struct irq_affinity_notify *notify,
      |             ^~~~~~~~~~~~~~~~~
  CC      mm/util.o
  CC      block/partition-generic.o
2 warnings generated.
  CC      mm/mmzone.o
  CC      kernel/irq/resend.o
  CC      kernel/locking/percpu-rwsem.o
  CC      crypto/sha512_generic.o
  CC      kernel/bpf/tnum.o
  CC      kernel/power/main.o
  CC      drivers/base/firmware.o
  CC      fs/namespace.o
  CC      kernel/irq/chip.o
  CC      kernel/bpf/hashtab.o
  CC      kernel/locking/spinlock.o
  AR      kernel/events/built-in.a
  CC      kernel/printk/printk.o
  CC      kernel/printk/printk_safe.o
  CC      mm/vmstat.o
  CC      block/ioprio.o
  CC      drivers/base/init.o
  CC      crypto/gf128mul.o
  CC      security/selinux/ss/conditional.o
  CC      drivers/base/map.o
  CC      kernel/power/process.o
  CC      kernel/power/suspend.o
  CC      kernel/locking/osq_lock.o
  CC      kernel/irq/dummychip.o
  CC      drivers/base/devres.o
  CC      kernel/locking/qspinlock.o
  CC      kernel/bpf/arraymap.o
  CC      crypto/ecb.o
  CC      kernel/locking/rtmutex.o
  CC      kernel/irq/devres.o
  CC      block/badblocks.o
  CC      kernel/power/wakelock.o
  CC      drivers/base/attribute_container.o
  CC      mm/backing-dev.o
  CC      security/selinux/ss/mls.o
  AR      kernel/printk/built-in.a
  CC      kernel/rcu/update.o
  CC      crypto/cbc.o
  CC      fs/seq_file.o
  CC      kernel/locking/rwsem-xadd.o
  CC      block/partitions/check.o
  CC      kernel/power/poweroff.o
  CC      kernel/irq/autoprobe.o
  CC      kernel/power/energy_model.o
  CC      drivers/base/transport_class.o
  CC      kernel/bpf/percpu_freelist.o
  CC      kernel/power/wakeup_reason.o
  CC      crypto/cts.o
  CC      kernel/bpf/bpf_lru_list.o
  CC      kernel/rcu/sync.o
  CC      drivers/base/topology.o
  CC      kernel/locking/qrwlock.o
  CC      block/partitions/msdos.o
  CC      kernel/irq/irqdomain.o
  CC      fs/xattr.o
  CC      security/selinux/ss/status.o
  CC      fs/libfs.o
  CC      kernel/bpf/lpm_trie.o
  AR      kernel/locking/built-in.a
  CC      kernel/bpf/map_in_map.o
  CC      kernel/rcu/srcutree.o
  CC      mm/mm_init.o
  AR      kernel/power/built-in.a
  CC      drivers/base/container.o
  CC      kernel/rcu/tree.o
  CC      kernel/bpf/local_storage.o
  CC      crypto/xts.o
  CC      block/partitions/efi.o
  CC      drivers/base/property.o
  CC      kernel/irq/proc.o
  CC      kernel/rcu/rcu_segcblist.o
  CC      kernel/bpf/disasm.o
  CC      drivers/base/cacheinfo.o
  AR      security/selinux/built-in.a
  CC      security/commoncap.o
  CC      mm/mmu_context.o
  CC      security/min_addr.o
  CC      mm/percpu.o
  AR      block/partitions/built-in.a
  CC      block/blk-rq-qos.o
  CC      crypto/ctr.o
  CC      fs/fs-writeback.o
  CC      kernel/bpf/btf.o
  CC      kernel/irq/cpuhotplug.o
  CC      drivers/base/devcon.o
  CC      mm/slab_common.o
  CC      security/security.o
  CC      kernel/irq/pm.o
  CC      crypto/gcm.o
  CC      drivers/base/firmware_loader/fallback_table.o
  CC      block/scsi_ioctl.o
  CC      security/lsm_audit.o
  CC      drivers/base/power/sysfs.o
  AR      kernel/rcu/built-in.a
  CC      kernel/bpf/devmap.o
  CC      drivers/base/firmware_loader/main.o
  CC      mm/compaction.o
  CC      crypto/ccm.o
  CC      drivers/base/power/generic_ops.o
  CC      kernel/sched/core.o
  CC      kernel/irq/msi.o
  CC      block/blk-cgroup.o
  CC      mm/vmacache.o
  CC      mm/interval_tree.o
  CC      fs/pnode.o
  CC      drivers/base/power/common.o
  CC      mm/list_lru.o
  AR      security/built-in.a
  CC      kernel/bpf/cpumap.o
  CC      sound/sound_core.o
  CC      crypto/chacha20poly1305.o
  CC      kernel/irq/affinity.o
  CC      drivers/base/firmware_loader/fallback.o
  CC      fs/splice.o
  CC      drivers/base/power/qos.o
  CC      mm/workingset.o
  AR      kernel/irq/built-in.a
  CC      sound/core/sound.o
  CC      kernel/time/time.o
  CC      crypto/cryptd.o
  AR      drivers/base/firmware_loader/built-in.a
  CC      kernel/bpf/offload.o
  CC      drivers/base/regmap/regmap.o
  CC      block/noop-iosched.o
  CC      mm/debug.o
  CC      drivers/base/regmap/regcache.o
  CC      sound/core/init.o
  CC      mm/gup.o
  CC      block/deadline-iosched.o
  CC      drivers/base/power/runtime.o
  CC      fs/sync.o
  CC      crypto/des_generic.o
  CC      drivers/base/regmap/regcache-rbtree.o
  CC      kernel/time/timer.o
  CC      mm/highmem.o
  CC      block/cfq-iosched.o
  CC      sound/core/memory.o
  CC      kernel/bpf/stackmap.o
  CC      mm/memory.o
  CC      drivers/base/regmap/regcache-flat.o
  CC      drivers/base/power/wakeirq.o
  CC      crypto/blowfish_generic.o
  CC      drivers/base/regmap/regmap-i2c.o
  CC      sound/core/control.o
  CC      fs/utimes.o
  CC      drivers/base/module.o
  CC      drivers/base/regmap/regmap-spi.o
  CC      kernel/sched/loadavg.o
  CC      drivers/base/power/main.o
  CC      drivers/base/soc.o
  CC      kernel/bpf/cgroup.o
  CC      crypto/blowfish_common.o
  CC      block/mq-deadline.o
  CC      kernel/time/hrtimer.o
  CC      fs/d_path.o
  CC      drivers/base/regmap/regmap-mmio.o
  CC      drivers/base/pinctrl.o
  CC      drivers/base/platform-msi.o
  CC      crypto/twofish_generic.o
  CC      block/kyber-iosched.o
  CC      fs/stack.o
  CC      sound/core/misc.o
  CC      mm/mincore.o
  CC      kernel/sched/clock.o
  CC      drivers/base/arch_topology.o
  AR      drivers/base/regmap/built-in.a
  CC      kernel/sched/cputime.o
  CC      fs/fs_struct.o
  CC      crypto/twofish_common.o
  CC      drivers/base/power/wakeup.o
  CC      block/compat_ioctl.o
  CC      fs/statfs.o
  CC      kernel/bpf/reuseport_array.o
  CC      kernel/time/timekeeping.o
  CC      sound/core/device.o
  CC      sound/core/info.o
  CC      mm/mlock.o
  CC      fs/fs_pin.o
  CC      crypto/aes_generic.o
  CC      kernel/time/ntp.o
  CC      fs/nsfs.o
  CC      block/blk-mq-virtio.o
  CC      kernel/time/clocksource.o
  CC      sound/core/ctljack.o
  CC      kernel/sched/idle.o
  CC      sound/core/jack.o
  CC      drivers/base/power/wakeup_stats.o
  AR      kernel/bpf/built-in.a
  CC      kernel/trace/trace_clock.o
  CC      kernel/trace/ring_buffer.o
  CC      fs/susfs.o
  CC      sound/core/hwdep.o
  CC      kernel/trace/trace.o
  CC      crypto/arc4.o
  CC      drivers/base/power/domain.o
  CC      kernel/time/jiffies.o
  CC      mm/mmap.o
  CC      kernel/trace/trace_output.o
  CC      sound/core/timer.o
  CC      block/keyslot-manager.o
  CC      sound/core/pcm.o
  CC      kernel/time/timer_list.o
  CC      crypto/chacha_generic.o
  CC      fs/buffer.o
  CC      kernel/sched/fair.o
  CC      fs/block_dev.o
  CC      kernel/time/timeconv.o
  CC      block/bio-crypt-ctx.o
  CC      crypto/poly1305_generic.o
  CC      drivers/base/power/domain_governor.o
  CC      fs/direct-io.o
  CC      mm/mprotect.o
  CC      sound/core/pcm_native.o
  CC      kernel/time/timecounter.o
  CC      drivers/base/power/clock_ops.o
  CC      mm/mremap.o
  CC      kernel/time/alarmtimer.o
  CC      crypto/deflate.o
  CC      kernel/trace/trace_seq.o
  CC      mm/msync.o
  CC      block/blk-crypto.o
../kernel/time/alarmtimer.c:167:32: warning: unused variable 'ratelimit' [-Wunused-variable]
  167 |         static DEFINE_RATELIMIT_STATE(ratelimit, HZ - 1, 5);
      |                                       ^~~~~~~~~
../include/linux/ratelimit.h:41:25: note: expanded from macro 'DEFINE_RATELIMIT_STATE'
   41 |         struct ratelimit_state name =                                   \
      |                                ^~~~
../kernel/sched/fair.c:6689:13: warning: unused function 'arch_get_cluster_cpus' [-Wunused-function]
 6689 | static void arch_get_cluster_cpus(struct cpumask *cpus, int cluster_id)
      |             ^~~~~~~~~~~~~~~~~~~~~
  AR      drivers/base/power/built-in.a
1 warning generated.
  AR      drivers/base/built-in.a
  CC      crypto/crc32c_generic.o
  CC      mm/page_vma_mapped.o
  CC      fs/mpage.o
  CC      drivers/block/brd.o
  CC      kernel/time/posix-timers.o
  CC      drivers/block/loop.o
  CC      drivers/block/zram/zcomp.o
  CC      mm/pagewalk.o
  CC      kernel/trace/trace_stat.o
  CC      crypto/crc32_generic.o
  CC      mm/pgtable-generic.o
  CC      drivers/block/zram/zram_drv.o
  CC      block/blk-crypto-fallback.o
  CC      mm/rmap.o
  CC      mm/vmalloc.o
  CC      sound/core/pcm_lib.o
  CC      kernel/trace/trace_printk.o
  CC      kernel/time/posix-cpu-timers.o
  CC      crypto/authenc.o
  CC      mm/process_vm_access.o
1 warning generated.
  CC      kernel/sched/rt.o
  CC      fs/proc_namespace.o
  AR      drivers/block/zram/built-in.a
  AR      block/built-in.a
  CC      fs/configfs/inode.o
  AR      drivers/block/built-in.a
  CC      net/socket.o
  CC      drivers/char/mem.o
  CC      drivers/char/random.o
  CC      crypto/authencesn.o
  CC      kernel/trace/trace_sched_switch.o
  CC      kernel/time/posix-clock.o
  CC      fs/configfs/file.o
  CC      sound/core/pcm_misc.o
  CC      mm/init-mm.o
  CC      net/802/p8022.o
  CC      mm/nobootmem.o
  CC      fs/configfs/dir.o
  CC      net/802/psnap.o
  CC      crypto/lzo.o
  CC      kernel/trace/trace_nop.o
  CC      kernel/sched/deadline.o
  CC      mm/madvise.o
  CC      kernel/time/itimer.o
  CC      drivers/char/misc.o
  CC      crypto/lz4.o
  CC      sound/core/pcm_memory.o
  CC      fs/configfs/symlink.o
  CC      mm/memblock.o
  CC      net/802/stp.o
  CC      kernel/trace/blktrace.o
  CC      kernel/time/clockevents.o
  CC      crypto/rng.o
  CC      crypto/drbg.o
  CC      fs/configfs/mount.o
  CC      mm/page_io.o
  CC      drivers/char/hw_random/core.o
  CC      sound/core/memalloc.o
  CC      kernel/sched/wait.o
  CC      drivers/char/hw_random/mtk-rng.o
  CC      mm/swap_state.o
  CC      kernel/time/tick-common.o
  CC      crypto/jitterentropy.o
  CC      fs/configfs/item.o
  AR      net/802/built-in.a
  CC      crypto/jitterentropy-kcapi.o
  CC      drivers/char/hw_random/mt67xx-rng.o
  CC      kernel/trace/trace_events.o
  CC      net/8021q/vlan_core.o
  CC      mm/swapfile.o
  CC      kernel/trace/trace_export.o
  CC      crypto/ghash-generic.o
  AR      drivers/char/hw_random/built-in.a
  CC      sound/core/pcm_timer.o
  CC      drivers/char/rpmb/rpmb-mtk.o
  AR      fs/configfs/built-in.a
  CC      fs/crypto/crypto.o
  CC      crypto/zstd.o
  CC      crypto/hash_info.o
  CC      kernel/trace/trace_event_perf.o
  CC      crypto/asymmetric_keys/asymmetric_type.o
  CC      crypto/simd.o
  CC      kernel/time/tick-broadcast.o
  CC      sound/core/rawmidi.o
  CC      kernel/sched/wait_bit.o
  CC      kernel/sched/swait.o
  CC      net/8021q/vlan.o
  CC      kernel/trace/trace_events_filter.o
  CC      fs/crypto/fname.o
  CC      crypto/asymmetric_keys/restrict.o
  CC      kernel/time/tick-broadcast-hrtimer.o
  CC      kernel/trace/trace_events_trigger.o
  CC      kernel/time/sched_clock.o
  CC      mm/swap_slots.o
  CC      drivers/char/rpmb/core.o
  CC      crypto/asymmetric_keys/signature.o
  CC      kernel/time/tick-oneshot.o
  CC      net/8021q/vlan_dev.o
  CC      kernel/time/tick-sched.o
  CC      sound/core/compress_offload.o
  CC      fs/crypto/hkdf.o
  CC      kernel/sched/completion.o
  AR      drivers/char/rpmb/built-in.a
  AR      drivers/char/built-in.a
  CC      kernel/time/vsyscall.o
  CC      mm/dmapool.o
  CC      crypto/asymmetric_keys/public_key.o
  CC      drivers/clk/clk-devres.o
  CC      kernel/sched/stubs.o
  CC      kernel/trace/bpf_trace.o
  CC      kernel/trace/power-traces.o
  CC      kernel/time/timer_list_aee.o
  CC      fs/crypto/hooks.o
  CC      drivers/clk/clk-bulk.o
  CC      drivers/clk/clkdev.o
  CC      mm/sparse.o
  CC      net/8021q/vlan_netlink.o
  AR      sound/core/built-in.a
  AR      kernel/time/built-in.a
  CC      crypto/asymmetric_keys/x509.asn1.o
  CC      kernel/freezer.o
  CC      crypto/asymmetric_keys/x509_akid.asn1.o
  CC      fs/crypto/keyring.o
  CC      crypto/asymmetric_keys/x509_cert_parser.o
  CC      drivers/clk/clk.o
  CC      kernel/sched/cpupri.o
  CC      drivers/clk/clk-divider.o
  CC      kernel/sched/cpudeadline.o
  CC      sound/soc/soc-core.o
  CC      kernel/trace/rpm-traces.o
  CC      mm/sparse-vmemmap.o
  CC      net/8021q/vlanproc.o
  CC      crypto/asymmetric_keys/x509_public_key.o
  CC      crypto/asymmetric_keys/pkcs7.asn1.o
  CC      crypto/asymmetric_keys/pkcs7_parser.o
  CC      fs/crypto/keysetup.o
  CC      drivers/clk/clk-fixed-factor.o
  CC      kernel/profile.o
  CC      mm/slub.o
  CC      crypto/asymmetric_keys/pkcs7_trust.o
  CC      kernel/sched/topology.o
  CC      kernel/sched/stop_task.o
  CC      crypto/asymmetric_keys/pkcs7_verify.o
  CC      kernel/trace/trace_probe.o
  AR      net/8021q/built-in.a
  CC      net/bpf/test_run.o
  CC      drivers/clk/clk-fixed-rate.o
  CC      fs/crypto/keysetup_v1.o
  CC      net/bridge/br.o
  CC      net/bridge/br_device.o
  AR      crypto/asymmetric_keys/built-in.a
  AR      crypto/built-in.a
  CC      drivers/clk/clk-gate.o
  CC      kernel/sched/pelt.o
  CC      arch/arm64/lib/atomic_ll_sc.o
  CC      kernel/trace/trace_uprobe.o
  CC      sound/soc/soc-dapm.o
  AR      net/bpf/built-in.a
  CC      fs/crypto/policy.o
  CC      kernel/trace/trace_mmstat.o
  CC      drivers/clk/clk-multiplier.o
  AS      arch/arm64/lib/clear_page.o
  CC      drivers/clk/clk-mux.o
  AS      arch/arm64/lib/clear_user.o
  CC      drivers/clk/clk-composite.o
  AS      arch/arm64/lib/copy_from_user.o
  CC      drivers/clk/clk-fractional-divider.o
  AS      arch/arm64/lib/copy_in_user.o
  CC      mm/migrate.o
  AS      arch/arm64/lib/copy_page.o
  AS      arch/arm64/lib/copy_to_user.o
  CC      drivers/clk/clk-gpio.o
  CC      arch/arm64/lib/delay.o
  CC      drivers/clk/clk-conf.o
  CC      fs/crypto/bio.o
  AS      arch/arm64/lib/memchr.o
  CC      kernel/sched/stats.o
  AS      arch/arm64/lib/memcmp.o
  CC      kernel/stacktrace.o
  CC      kernel/futex.o
  CC      net/bridge/br_fdb.o
  CC      kernel/trace/mtk_trace.o
  CC      net/bridge/br_forward.o
  AS      arch/arm64/lib/memcpy.o
  AS      arch/arm64/lib/memmove.o
  CC      drivers/clk/clk-xgene.o
  AS      arch/arm64/lib/memset.o
  AS      arch/arm64/lib/strchr.o
  AS      arch/arm64/lib/strcmp.o
  CC      fs/crypto/inline_crypt.o
  AS      arch/arm64/lib/strlen.o
  AS      arch/arm64/lib/strncmp.o
  CC      kernel/sched/debug.o
  AS      arch/arm64/lib/strnlen.o
  AR      kernel/trace/built-in.a
  CC      kernel/smp.o
  AS      arch/arm64/lib/strrchr.o
  CC      sound/soc/soc-jack.o
  CC      kernel/uid16.o
  CC      sound/soc/soc-utils.o
  CC      mm/page_counter.o
  AR      arch/arm64/lib/lib.a
  CC      drivers/clk/mediatek/clk-fixup-div.o
  EXPORTS arch/arm64/lib/lib-ksyms.o
  CC      mm/memcontrol.o
  CC      kernel/module.o
  AR      arch/arm64/lib/built-in.a
  CC      kernel/kallsyms.o
  CC      drivers/clk/mediatek/clk-mtk.o
  AR      fs/crypto/built-in.a
  CC      kernel/compat.o
  CC      fs/devpts/inode.o
  CC      net/bridge/br_if.o
  CC      net/bridge/br_input.o
  CC      sound/soc/soc-pcm.o
  CC      lib/lockref.o
  CC      lib/bcd.o
  CC      kernel/sched/cpuacct.o
  CC      drivers/clk/mediatek/clk-pll.o
  CC      net/bridge/br_ioctl.o
  CC      lib/div64.o
  AR      fs/devpts/built-in.a
  CC      fs/erofs/super.o
  CC      lib/sort.o
  CC      lib/parser.o
  CC      fs/erofs/inode.o
  CC      kernel/utsname.o
  CC      drivers/clk/mediatek/clk-gate.o
  CC      net/bridge/br_stp.o
  CC      kernel/sched/cpufreq.o
  CC      lib/debug_locks.o
  CC      kernel/pid_namespace.o
  CC      net/bridge/br_stp_bpdu.o
  GZIP    kernel/config_data.gz
  CC      net/bridge/br_stp_if.o
  CC      kernel/sched/cpufreq_schedutil.o
  CC      kernel/sched/membarrier.o
  CC      sound/soc/soc-io.o
  CC      fs/erofs/data.o
  CC      lib/random32.o
  CC      drivers/clk/mediatek/clk-apmixed.o
  CC      mm/vmpressure.o
  CC      net/bridge/br_stp_timer.o
  CC      lib/bust_spinlocks.o
  CC      drivers/clk/mediatek/clk-cpumux.o
  CC      lib/kasprintf.o
  CC      fs/erofs/namei.o
  CC      net/bridge/br_netlink.o
  CC      sound/soc/soc-devres.o
  CC      kernel/sched/isolation.o
  CC      net/bridge/br_netlink_tunnel.o
  CC      drivers/clk/mediatek/reset.o
  CC      kernel/sched/psi.o
  CC      mm/swap_cgroup.o
  CC      lib/bitmap.o
  CC      fs/erofs/dir.o
  CC      fs/erofs/utils.o
  CC      lib/scatterlist.o
  CC      drivers/clk/mediatek/clk-mux.o
  CC      fs/exfat/inode.o
  CC      sound/soc/soc-ops.o
  CC      mm/page_isolation.o
  CC      mm/zsmalloc.o
../drivers/clk/mediatek/clk-mux.c:184:14: warning: unused variable 'name' [-Wunused-variable]
  184 |         const char *name;
      |                     ^~~~
1 warning generated.
  CC      kernel/stop_machine.o
  CC      fs/erofs/pcpubuf.o
  CC      net/bridge/br_arp_nd_proxy.o
  CC      drivers/clk/mediatek/clkchk.o
  CC      net/bridge/br_sysfs_if.o
  CC      lib/gcd.o
  AR      kernel/sched/built-in.a
  CC      fs/exfat/namei.o
  CC      kernel/audit.o
  CC      lib/lcm.o
  CC      lib/list_sort.o
  CC      mm/early_ioremap.o
  CC      lib/uuid.o
  CC      fs/erofs/xattr.o
  CC      lib/flex_array.o
  CC      drivers/clk/mediatek/clk-mt6781.o
  CC      sound/soc/soc-compress.o
  CC      lib/iov_iter.o
  CC      kernel/auditfilter.o
  CC      fs/exfat/dir.o
  CC      kernel/auditsc.o
  CC      drivers/clk/mediatek/clk-mt6781-pg.o
  CC      fs/exfat/super.o
  CC      mm/cma.o
  CC      net/bridge/br_sysfs_br.o
  CC      net/bridge/br_nf_core.o
  CC      fs/erofs/decompressor.o
  CC      sound/soc/codecs/richtek_spm_cls.o
  CC      drivers/clk/mediatek/clk-mtk-v1.o
  CC      fs/exfat/fatent.o
  CC      drivers/clk/mediatek/clkdbg.o
  CC      fs/erofs/zmap.o
  CC      kernel/audit_watch.o
  CC      drivers/clk/mediatek/clkdbg-mt6781.o
  CC      kernel/audit_fsnotify.o
  CC      mm/frame_vector.o
  CC      lib/clz_ctz.o
  CC      fs/exfat/cache.o
  CC      net/bridge/br_multicast.o
../drivers/clk/mediatek/clkdbg.c:370:12: warning: unused function 'seq_print_regs' [-Wunused-function]
  370 | static int seq_print_regs(struct seq_file *s, void *v)
      |            ^~~~~~~~~~~~~~
../drivers/clk/mediatek/clkdbg.c:388:12: warning: unused function 'clkdbg_dump_regs2' [-Wunused-function]
  388 | static int clkdbg_dum  CC      lib/bsearch.o
p_regs2(struct seq_file *s, void *v)
      |            ^~~~~~~~~~~~~~~~~
../drivers/clk/mediatek/clkdbg.c:584:12: warning: unused function 'clkdbg_dump_provider_clks' [-Wunused-function]
  584 | static int clkdbg_dump_provider_clks(struct seq_file *s, void *v)
      |            ^~~~~~~~~~~~~~~~~~~~~~~~~
  CC      net/bridge/br_mdb.o
  CC      sound/soc/codecs/mt6358.o
  CC      drivers/clk/mediatek/clkchk-mt6781.o
  CC      kernel/audit_tree.o
  CC      mm/usercopy.o
  CC      fs/erofs/zdata.o
3 warnings generated.
  CC      kernel/hung_task.o
  CC      mm/memfd.o
  CC      kernel/seccomp.o
  AR      drivers/clk/mediatek/built-in.a
  AR      drivers/clk/built-in.a
  CC      fs/exfat/nls.o
  CC      lib/find_bit.o
  CC      drivers/clocksource/timer-of.o
  CC      drivers/cpufreq/cpufreq.o
  CC      lib/llist.o
  CC      kernel/utsname_sysctl.o
  CC      drivers/clocksource/timer-probe.o
  AR      fs/erofs/built-in.a
  CC      drivers/clocksource/mmio.o
  AR      mm/built-in.a
  CC      net/bridge/br_netfilter_hooks.o
  CC      lib/memweight.o
  CC      kernel/taskstats.o
  CC      fs/exfat/misc.o
  CC      fs/exfat/file.o
  CC      fs/exfat/balloc.o
  CC      lib/kfifo.o
  CC      kernel/tsacct.o
  CC      drivers/clocksource/timer-mediatek.o
  CC      sound/soc/codecs/mt6660.o
  CC      lib/percpu-refcount.o
  CC      kernel/tracepoint.o
  CC      kernel/irq_work.o
  CC      drivers/clocksource/arm_arch_timer.o
  CC      kernel/cpu_pm.o
  CC      kernel/iomem.o
  AR      fs/exfat/built-in.a
  CC      drivers/cpufreq/freq_table.o
  CC      net/bridge/br_netfilter_ipv6.o
  CC      fs/exportfs/expfs.o
  CC      lib/rhashtable.o
  CC      lib/reciprocal_div.o
  CC      drivers/cpuidle/cpuidle.o
  CC      drivers/cpuidle/driver.o
  CC      lib/once.o
  CC      lib/refcount.o
  CC      sound/soc/codecs/aw87xxx/aw87xxx.o
  CC      sound/soc/codecs/aw87xxx/aw87xxx_device.o
  CC      drivers/cpufreq/cpufreq_stats.o
  CC      kernel/rseq.o
  CC      drivers/clocksource/dummy_timer.o
  CC      lib/usercopy.o
  AR      fs/exportfs/built-in.a
  CC      lib/errseq.o
  CC      drivers/cpufreq/cpufreq_times.o
  CC      drivers/cpuidle/governor.o
  AR      drivers/clocksource/built-in.a
  CC      fs/ext4/balloc.o
  CC      drivers/devfreq/devfreq.o
  CC      sound/soc/codecs/aw87xxx/aw87xxx_monitor.o
  CC      drivers/devfreq/governor_simpleondemand.o
  CC      lib/bucket_locks.o
  AR      net/bridge/built-in.a
  CC      lib/string_helpers.o
  CC      drivers/cpuidle/sysfs.o
  CC      kernel/cfi.o
  CC      sound/soc/codecs/aw87xxx/aw87xxx_bin_parse.o
  CC      drivers/cpuidle/governors/menu.o
  CC      drivers/devfreq/helio-dvfsrc-v3/helio-dvfsrc-qos.o
  CC      drivers/cpuidle/governors/mtk_menu.o
  CC      drivers/cpufreq/cpufreq_performance.o
  CC      net/core/sock.o
  CC      lib/hexdump.o
  CC      drivers/cpuidle/dt_idle_states.o
  CC      sound/soc/codecs/aw87xxx/aw87xxx_dsp.o
  CC      sound/soc/codecs/aw87xxx/aw87xxx_acf_bin.o
  CC      drivers/cpuidle/cpuidle-mediatek.o
  CC      drivers/cpufreq/cpufreq_powersave.o
  CC      drivers/devfreq/helio-dvfsrc-v3/helio-dvfsrc-sysfs.o
  CC      lib/kstrtox.o
  CC      lib/crypto/chacha.o
  CC      kernel/scs.o
  CC      fs/ext4/bitmap.o
  AR      drivers/cpuidle/governors/built-in.a
  CC      drivers/cpufreq/cpufreq_userspace.o
  CC      lib/crypto/libchacha.o
  CC      fs/ext4/block_validity.o
  CC      lib/crypto/poly1305-donna64.o
  CC      drivers/devfreq/helio-dvfsrc-v3/helio-dvfsrc-opp.o
  AR      drivers/cpuidle/built-in.a
  CC      drivers/dma/dmaengine.o
  CC      drivers/dma-buf/dma-buf.o
  CC      drivers/dma-buf/dma-fence.o
  CC      drivers/cpufreq/cpufreq_ondemand.o
  CC      drivers/devfreq/helio-dvfsrc-v3/helio-dvfsrc-opp-v6781.o
  AR      sound/soc/codecs/aw87xxx/built-in.a
  UPD     kernel/config_data.h
  CC      lib/fonts/fonts.o
  CC      kernel/configs.o
  CC      sound/soc/codecs/fs1815/fsm_core.o
  CC      lib/lz4/lz4_compress.o
  CC      drivers/devfreq/helio-dvfsrc-v3/helio-dvfsrc-v6781.o
  CC      lib/crypto/poly1305.o
  CC      fs/ext4/dir.o
  AR      kernel/built-in.a
  CC      drivers/dma/virt-dma.o
  CC      drivers/cpufreq/cpufreq_governor.o
  CC      drivers/dma/of-dma.o
  CC      lib/fonts/font_8x16.o
  CC      drivers/dma/mediatek/mtk-cqdma.o
  CC      lib/lz4/lz4_decompress.o
  CC      drivers/dma-buf/dma-fence-array.o
  CC      lib/crypto/blake2s.o
  CC      drivers/devfreq/helio-dvfsrc-v3/helio-dvfsrc-ip-v2.o
  AR      lib/fonts/built-in.a
  CC      drivers/dma-buf/reservation.o
  CC      fs/ext4/ext4_jbd2.o
  AR      lib/lz4/built-in.a
  CC      lib/lzo/lzo1x_compress.o
  CC      drivers/cpufreq/cpufreq_governor_attr_set.o
  CC      drivers/dma-buf/seqno-fence.o
  CC      sound/soc/codecs/fs1815/fs1815.o
  CC      drivers/dma-buf/sync_file.o
  CC      lib/lzo/lzo1x_decompress_safe.o
  CC      net/core/request_sock.o
  CC      drivers/dma/mediatek/mtk-uart-apdma.o
  CC      net/core/skbuff.o
  AR      drivers/cpufreq/built-in.a
  CC      drivers/extcon/extcon.o
  CC      lib/mpi/generic_mpih-lshift.o
  AR      lib/lzo/built-in.a
  CC      lib/reed_solomon/reed_solomon.o
  CC      lib/mpi/generic_mpih-mul1.o
  CC      lib/crypto/blake2s-generic.o
  CC      sound/soc/codecs/fs1815/fsm_i2c.o
  CC      drivers/devfreq/helio-dvfsrc-v3/helio-dvfsrc-smc-control.o
  AR      drivers/dma/mediatek/built-in.a
  AR      drivers/dma/built-in.a
  AR      drivers/dma-buf/built-in.a
  AR      drivers/devfreq/helio-dvfsrc-v3/built-in.a
  AR      drivers/devfreq/built-in.a
  CC      lib/mpi/generic_mpih-mul2.o
  CC      lib/mpi/generic_mpih-mul3.o
  CC      fs/ext4/extents.o
  CC      drivers/firmware/psci.o
  CC      fs/ext4/extents_status.o
  CC      net/core/datagram.o
  CC      lib/mpi/generic_mpih-rshift.o
  AR      lib/reed_solomon/built-in.a
  CC      lib/mpi/generic_mpih-sub1.o
  CC      lib/zlib_deflate/deflate.o
  CC      drivers/extcon/devres.o
  CC      lib/mpi/generic_mpih-add1.o
  AR      lib/crypto/built-in.a
  AR      drivers/firmware/built-in.a
  CC      lib/zlib_inflate/inffast.o
  CC      lib/zlib_inflate/inflate.o
  CC      lib/zlib_inflate/infutil.o
  CC      lib/zlib_inflate/inftrees.o
  AR      sound/soc/codecs/fs1815/built-in.a
  CC      lib/mpi/mpicoder.o
  CC      lib/zlib_deflate/deftree.o
  CC      lib/mpi/mpi-bit.o
  AR      drivers/extcon/built-in.a
  CC      sound/soc/codecs/sia81xx/sia81xx.o
  CC      sound/soc/codecs/sia81xx/sia81xx_regmap.o
  CC      lib/zlib_inflate/inflate_syms.o
  CC      drivers/gpio/devres.o
  CC      drivers/gpio/gpiolib.o
  CC      lib/zlib_deflate/deflate_syms.o
  CC      sound/soc/codecs/sia81xx/sia81xx_aux_dev_if.o
  AR      lib/zlib_inflate/built-in.a
  CC      lib/mpi/mpi-cmp.o
  CC      lib/zstd/fse_compress.o
  CC      lib/zstd/huf_compress.o
  CC      drivers/gpio/gpiolib-legacy.o
  AR      lib/zlib_deflate/built-in.a
  CC      lib/pci_iomap.o
  CC      lib/zstd/compress.o
  CC      drivers/gpu/drm/drm_crtc_helper.o
  CC      lib/zstd/entropy_common.o
  CC      sound/soc/codecs/sia81xx/sia81xx_set_vdd.o
  CC      lib/zstd/fse_decompress.o
  CC      lib/zstd/zstd_common.o
  CC      fs/ext4/file.o
  CC      lib/mpi/mpih-cmp.o
  CC      sound/soc/codecs/sia81xx/sia8101_regs.o
  CC      lib/zstd/huf_decompress.o
  CC      lib/zstd/decompress.o
  CC      lib/iomap_copy.o
  CC      sound/soc/codecs/sia81xx/sia8108_regs.o
  CC      drivers/gpio/gpiolib-devprop.o
  CC      net/core/stream.o
  CC      sound/soc/codecs/sia81xx/sia8109_regs.o
  CC      lib/devres.o
  CC      lib/mpi/mpih-div.o
  CC      lib/logic_pio.o
  CC      lib/hweight.o
  CC      drivers/gpio/gpiolib-of.o
  CC      lib/assoc_array.o
  CC      fs/ext4/fsmap.o
  CC      drivers/gpu/drm/drm_dp_helper.o
  CC      lib/list_debug.o
  CC      sound/soc/codecs/sia81xx/sia8152_regs.o
  CC      lib/mpi/mpih-mul.o
  CC      sound/soc/codecs/sia81xx/sia8152s_regs.o
  CC      fs/ext4/fsync.o
  CC      lib/bitrev.o
  CC      lib/rational.o
  CC      sound/soc/codecs/sia81xx/sia8159_regs.o
  CC      sound/soc/codecs/sia81xx/sia81xx_timer_task.o
  CC      lib/crc-ccitt.o
  CC      lib/crc16.o
  CC      sound/soc/codecs/sia81xx/sia81xx_socket.o
  CC      lib/mpi/mpi-pow.o
  AR      drivers/gpio/built-in.a
  CC      sound/soc/codecs/sia81xx/sia81xx_tuning_if_dev.o
  CC      drivers/i2c/i2c-boardinfo.o
  CC      net/core/scm.o
  CC      drivers/hid/hid-core.o
  CC      net/core/gen_stats.o
  CC      lib/crc32.o
  CC      fs/ext4/hash.o
  CC      fs/ext4/ialloc.o
  CC      lib/libcrc32c.o
  CC      drivers/gpu/drm/drm_probe_helper.o
  CC      lib/mpi/mpiutil.o
  CC      drivers/i2c/i2c-core-base.o
  AR      sound/soc/codecs/sia81xx/built-in.a
  AR      sound/soc/codecs/built-in.a
  CC      drivers/i2c/i2c-core-smbus.o
  CC      sound/soc/mediatek/audio_dsp/v2/../mt6781/dsp-platform-mem-control.o
  CC      lib/crc8.o
  CC      fs/ext4/indirect.o
  AR      lib/mpi/built-in.a
  CC      lib/xxhash.o
  CC      net/core/gen_estimator.o
  CC      drivers/hid/hid-input.o
  CC      drivers/gpu/drm/drm_plane_helper.o
  CC      drivers/gpu/drm/drm_dp_mst_topology.o
  CC      drivers/gpu/drm/drm_atomic_helper.o
  CC      fs/ext4/inline.o
  CC      lib/genalloc.o
  AR      sound/soc/mediatek/audio_dsp/v2/../mt6781/built-in.a
  CC      sound/soc/mediatek/audio_dsp/v2/audio_buf.o
  AR      lib/zstd/built-in.a
  CC      sound/soc/mediatek/audio_dsp/v2/mtk-dsp-dai.o
  CC      drivers/i2c/i2c-core-of.o
  CC      drivers/i2c/i2c-dev.o
  CC      lib/textsearch.o
  CC      sound/soc/mediatek/audio_dsp/v2/mtk-dsp-pcm.o
  CC      drivers/hid/hid-quirks.o
  CC      lib/ts_kmp.o
  CC      drivers/gpu/drm/drm_kms_helper_common.o
  CC      drivers/hid/hidraw.o
  CC      fs/ext4/inode.o
  CC      net/ethernet/eth.o
  CC      drivers/i2c/i2c-mux.o
  CC      net/core/net_namespace.o
  CC      lib/ts_bm.o
  CC      fs/ext4/ioctl.o
  CC      drivers/gpu/drm/drm_dp_dual_mode_helper.o
  CC      drivers/gpu/drm/drm_simple_kms_helper.o
  CC      sound/soc/mediatek/audio_dsp/v2/mtk-dsp-common.o
  CC      lib/ts_fsm.o
  CC      sound/usb/card.o
  CC      sound/usb/clock.o
  CC      drivers/i2c/algos/i2c-algo-bit.o
  CC      lib/percpu_counter.o
  CC      drivers/hid/uhid.o
  CC      sound/soc/mediatek/audio_dsp/v2/mtk-dsp-platform-driver.o
  AR      drivers/i2c/algos/built-in.a
  CC      drivers/i2c/busses/i2c-mtk.o
  CC      drivers/i2c/busses/i2c-mtk_debug.o
  CC      lib/audit.o
  CC      sound/soc/mediatek/audio_dsp/v2/mtk-dsp-mem-control.o
  CC      drivers/gpu/drm/drm_modeset_helper.o
  CC      sound/usb/endpoint.o
  AR      net/ethernet/built-in.a
  CC      sound/usb/format.o
  CC      drivers/hid/hid-generic.o
  CC      drivers/hid/hid-a4tech.o
  CC      net/core/secure_seq.o
  CC      lib/compat_audit.o
  CC      lib/fault-inject.o
  CC      drivers/hid/hid-apple.o
  CC      fs/ext4/mballoc.o
  AR      sound/soc/mediatek/audio_dsp/v2/built-in.a
  CC      net/core/flow_dissector.o
  CC      sound/usb/helper.o
  CC      sound/soc/mediatek/common_int/mtk-auddrv-devtree-parser.o
  CC      sound/soc/mediatek/common/mtk-mmap-ion.o
  CC      drivers/hid/hid-belkin.o
  CC      drivers/gpu/drm/drm_scdc_helper.o
  CC      drivers/hid/hid-cherry.o
  CC      lib/syscall.o
  CC      drivers/hid/hid-chicony.o
  CC      drivers/hid/hid-cypress.o
  CC      sound/soc/mediatek/common/mtk-afe-platform-driver.o
  CC      sound/soc/mediatek/common_int/mtk-soc-offload-common.o
  CC      fs/ext4/migrate.o
  AR      drivers/i2c/busses/built-in.a
  AR      drivers/i2c/built-in.a
  CC      sound/usb/mixer.o
  CC      drivers/iio/industrialio-core.o
  CC      drivers/hid/hid-dr.o
  CC      lib/nlattr.o
  CC      drivers/hid/hid-ezkey.o
  CC      sound/usb/mixer_quirks.o
  AR      sound/soc/mediatek/common_int/built-in.a
  CC      drivers/hid/hid-gyration.o
  CC      sound/usb/mixer_scarlett.o
  CC      drivers/gpu/drm/drm_gem_framebuffer_helper.o
  CC      drivers/hid/hid-kensington.o
  CC      sound/soc/mediatek/common/mtk-afe-fe-dai.o
  CC      fs/ext4/mmp.o
  CC      sound/usb/mixer_us16x08.o
  CC      drivers/hid/hid-kye.o
  CC      net/core/sysctl_net_core.o
  CC      sound/usb/pcm.o
  CC      drivers/iio/industrialio-event.o
  CC      lib/checksum.o
  CC      drivers/iio/inkern.o
  CC      sound/usb/power.o
  CC      drivers/hid/hid-lg.o
  CC      drivers/gpu/drm/bridge/panel.o
  CC      lib/cpu_rmap.o
  CC      sound/usb/proc.o
  CC      sound/usb/quirks.o
  CC      sound/soc/mediatek/common/mtk-sram-manager.o
  CC      fs/ext4/move_extent.o
  CC      drivers/iio/industrialio-buffer.o
  CC      drivers/iio/adc/mt635x-auxadc_v1.o
  CC      drivers/hid/hid-magicmouse.o
  CC      drivers/iio/adc/mt6577_auxadc.o
  CC      lib/dynamic_queue_limits.o
  CC      sound/usb/stream.o
  CC      net/core/dev.o
  CC      sound/usb/validate.o
  CC      net/ipv4/route.o
  CC      net/core/ethtool.o
  CC      drivers/hid/hid-microsoft.o
  AR      drivers/iio/adc/built-in.a
  CC      lib/glob.o
  CC      net/core/dev_addr_lists.o
  CC      sound/soc/mediatek/common/mtk-sp-pcm-ops.o
  CC      drivers/gpu/drm/drm_fb_helper.o
  CC      fs/ext4/namei.o
  CC      sound/usb/midi.o
  CC      drivers/hid/hid-monterey.o
  CC      lib/strncpy_from_user.o
  CC      drivers/iio/buffer/kfifo_buf.o
  CC      lib/strnlen_user.o
  CC      sound/soc/mediatek/common/mtk-afe-debug.o
  CC      drivers/hid/hid-nintendo.o
  AR      sound/usb/built-in.a
  CC      drivers/hid/hid-pl.o
  CC      lib/net_utils.o
  CC      net/core/dst.o
  AR      drivers/iio/buffer/built-in.a
  CC      lib/sg_pool.o
  CC      drivers/hid/hid-petalynx.o
  AR      drivers/iio/built-in.a
  CC      drivers/hid/hid-playstation.o
  CC      drivers/input/input.o
  CC      drivers/gpu/drm/drm_auth.o
  CC      lib/asn1_decoder.o
  CC      drivers/hid/hid-samsung.o
  CC      sound/soc/mediatek/common/mtk-sp-spk-amp.o
  CC      sound/soc/mediatek/common/mtk-usip.o
  CC      net/ipv4/inetpeer.o
  CC      fs/ext4/page-io.o
  CC      drivers/hid/hid-sjoy.o
  CC      sound/soc/mediatek/common/mtk-btcvsd.o
  CC      lib/oid_registry.o
  CC      drivers/iommu/iommu.o
  CC      drivers/hid/hid-sony.o
  CC      net/ipv4/protocol.o
  CC      drivers/input/input-compat.o
  CC      lib/sbitmap.o
  CC      drivers/gpu/drm/drm_bufs.o
  CC      drivers/gpu/drm/drm_cache.o
  CC      net/core/netevent.o
  AR      sound/soc/mediatek/common/built-in.a
  CC      sound/soc/mediatek/mt6781/mt6781-afe-pcm.o
  CC      fs/ext4/readpage.o
  CC      drivers/input/input-mt.o
  CC      drivers/hid/hid-sunplus.o
  CC      lib/argv_split.o
  CC      lib/bug.o
  CC      drivers/gpu/drm/drm_context.o
  CC      drivers/iommu/iommu-traces.o
  CC      net/core/neighbour.o
  CC      drivers/hid/hid-gaff.o
  CC      drivers/irqchip/irqchip.o
  CC      fs/ext4/resize.o
  CC      lib/clz_tab.o
  CC      lib/cmdline.o
  CC      net/ipv4/ip_input.o
  CC      drivers/input/ff-core.o
  CC      drivers/hid/hid-tmff.o
  CC      lib/cpumask.o
  CC      drivers/irqchip/irq-gic.o
  CC      sound/soc/mediatek/mt6781/mt6781-afe-clk.o
  CC      drivers/input/ff-memless.o
  CC      drivers/gpu/drm/drm_dma.o
-- KernelSU-Next version: 12491
-- KernelSU-Next Manager signature size: 0x3e6
-- KernelSU-Next Manager signature hash: 79e590113c4c4c0c222978e413a5faa801666957b1212a328e46c00c69821bf7
-- KSU_NEXT: Neither atomic_inc_not_zero nor atomic_long_inc_not_zero found in kernel/cred.c
-- KSU_NEXT: Using  in get_cred_rcu patch.
  CC      drivers/hid/hid-topseed.o

-- SUSFS_VERSION: v1.5.5
  CC      drivers/kernelsu/ksu.o
  CC      lib/ctype.o
  CC      drivers/iommu/iommu-sysfs.o
  CC      drivers/input/input-leds.o
  CC      lib/dec_and_lock.o
  CC      drivers/irqchip/irq-gic-common.o
  CC      drivers/gpu/drm/drm_file.o
  CC      drivers/hid/hid-twinhan.o
  CC      sound/soc/mediatek/mt6781/mt6781-afe-gpio.o
  CC      lib/decompress.o
  CC      drivers/kernelsu/allowlist.o
  CC      fs/ext4/super.o
  CC      drivers/input/evdev.o
  CC      lib/decompress_inflate.o
  CC      drivers/irqchip/irq-gic-v3.o
  CC      drivers/input/fingerprint/fpc/mtk_spi.o
  CC      net/ipv4/ip_fragment.o
  CC      drivers/iommu/dma-iommu.o
  CC      drivers/hid/hid-zpff.o
  CC      sound/soc/mediatek/mt6781/mt6781-dai-adda.o
  CC      lib/decompress_unlz4.o
../drivers/input/fingerprint/fpc/mtk_spi.c:300:37: warning: duplicate 'const' declaration specifier [-Wduplicate-decl-specifier]
  300 | static const struct attribute_group const fpc_attribute_group = {
      |                                     ^~~~~
../drivers/input/fingerprint/fpc/mtk_spi.c:399:17: warning: mixing declarations and code is a C99 extension [-Wdeclaration-after-statement]
  399 |         struct device *dev = fpc->dev;
      |                        ^
../drivers/input/fingerprint/fpc/mtk_spi.c:189:12: warning: unused function 'power_on' [-Wunused-function]
  189 | static int power_on(struct  fpc_data *fpc)
      |            ^~~~~~~~
  CC      drivers/gpu/drm/drm_gem.o
  CC      drivers/hid/usbhid/hid-core.o
  CC      lib/dump_stack.o
3 warnings generated.
  CC      net/core/rtnetlink.o
  CC      drivers/irqchip/irq-gic-v3-mbi.o
  CC      drivers/kernelsu/apk_sign.o
  CC      sound/soc/mediatek/mt6781/mt6781-afe-control.o
  CC      drivers/input/joystick/xpad.o
  AR      drivers/input/fingerprint/fpc/built-in.a
  CC      drivers/input/fingerprint/goodix/gf_spi_tee.o
  CC      drivers/irqchip/irq-gic-v3-its.o
  CC      lib/earlycpio.o
  CC      drivers/iommu/io-pgtable.o
  AR      drivers/input/joystick/built-in.a
  CC      lib/extable.o
  CC      drivers/input/keyboard/mediatek/kpd.o
  CC      sound/soc/mediatek/mt6781/mt6781-dai-i2s.o
  CC      net/ipv4/ip_forward.o
  AR      drivers/hid/usbhid/built-in.a
  AR      drivers/hid/built-in.a
  CC      lib/fdt.o
  CC      drivers/leds/led-core.o
  CC      drivers/gpu/drm/drm_ioctl.o
  CC      drivers/kernelsu/sucompat.o
../drivers/input/fingerprint/goodix/gf_spi_tee.c:1855:6: warning: mixing declarations and code is a C99 extension [-Wdeclaration-after-statement]
 1855 |         int status = -EINVAL;
      |             ^
../drivers/input/fingerprint/goodix/gf_spi_tee.c:2124:1: warning: unused label 'err_buf' [-Wunused-label]
 2124 | err_buf:
      | ^~~~~~~~
../drivers/input/fingerprint/goodix/gf_spi_tee.c:2129:1: warning: unused label 'err' [-Wunused-label]
 2129 | err:
      | ^~~~
../drivers/input/fingerprint/goodix/gf_spi_tee.c:2204:6: warning: mixing declarations and code is a C99 extension [-Wdeclaration-after-statement]
 2204 |         int status = -EINVAL;
      |             ^
  CC      lib/fdt_empty_tree.o
  CC      drivers/input/keyboard/mediatek/mt6781/hal_kpd.o
4 warnings generated.
  CC      sound/soc/mediatek/mt6781/mt6781-dai-hw-gain.o
  CC      lib/fdt_ro.o
  CC      drivers/iommu/io-pgtable-arm-v7s.o
  CC      drivers/input/fingerprint/goodix/gf_spi_factory.o
  CC      drivers/leds/led-class.o
  CC      lib/fdt_rw.o
  CC      drivers/irqchip/irq-gic-v3-its-platform-msi.o
  CC      lib/fdt_strerror.o
  CC      net/ipv4/ip_options.o
  AR      drivers/input/keyboard/mediatek/mt6781/built-in.a
  CC      sound/soc/mediatek/mt6781/mt6781-dai-pcm.o
  AR      drivers/input/keyboard/mediatek/built-in.a
  AR      drivers/input/keyboard/built-in.a
  CC      drivers/gpu/drm/drm_irq.o
  CC      lib/fdt_sw.o
  CC      net/core/utils.o
  CC      drivers/gpu/drm/drm_lock.o
  CC      drivers/kernelsu/throne_tracker.o
  CC      drivers/iommu/iova.o
  CC      drivers/leds/led-triggers.o
  CC      lib/fdt_wip.o
  CC      drivers/irqchip/irq-gic-v4.o
  AR      drivers/input/fingerprint/goodix/built-in.a
  CC      fs/ext4/symlink.o
  AR      drivers/input/fingerprint/built-in.a
  CC      drivers/input/misc/uinput.o
  CC      lib/flex_proportions.o
  CC      sound/soc/mediatek/mt6781/mt6781-dai-src.o
  CC      drivers/irqchip/irq-partition-percpu.o
  CC      lib/idr.o
  CC      drivers/leds/leds-mtk-pwm.o
  CC      drivers/iommu/of_iommu.o
  CC      fs/ext4/sysfs.o
  CC      drivers/gpu/drm/drm_memory.o
  CC      sound/soc/mediatek/mt6781/mt6781-dai-hostless.o
  AR      drivers/input/misc/built-in.a
  CC      drivers/kernelsu/core_hook.o
  CC      drivers/kernelsu/ksud.o
  CC      drivers/input/touchscreen/of_touchscreen.o
  CC      drivers/irqchip/irq-mtk-sysirq.o
  CC      lib/int_sqrt.o
  CC      drivers/leds/trigger/ledtrig-timer.o
  CC      net/core/link_watch.o
  CC      lib/ioremap.o
  CC      fs/ext4/xattr.o
  CC      net/ipv4/ip_output.o
  CC      drivers/irqchip/irq-mtk-cirq.o
  CC      sound/soc/mediatek/mt6781/mt6781-misc-control.o
  CC      drivers/iommu/mtk_iommu_v2.o
  AR      drivers/leds/trigger/built-in.a
  AR      drivers/leds/built-in.a
  CC      drivers/kernelsu/embed_ksud.o
  CC      drivers/gpu/drm/drm_drv.o
  CC      drivers/input/touchscreen/mediatek/mtk_tpd.o
  CC      drivers/kernelsu/kernel_compat.o
  CC      drivers/kernelsu/selinux/selinux.o
  AR      drivers/irqchip/built-in.a
  CC      drivers/kernelsu/selinux/sepolicy.o
  CC      drivers/mailbox/mailbox.o
  CC      lib/irq_regs.o
  CC      lib/is_single_threaded.o
  CC      sound/soc/mediatek/mt6781/mt6781-mt6366.o
  CC      drivers/input/touchscreen/mediatek/tpd_button.o
  CC      drivers/kernelsu/selinux/rules.o
  CC      lib/klist.o
  CC      drivers/gpu/drm/drm_scatter.o
  CC      lib/kobject.o
  CC      net/core/filter.o
  CC      drivers/mailbox/mtk-cmdq-mailbox.o
  CC      fs/ext4/xattr_trusted.o
  CC      drivers/input/touchscreen/mediatek/tpd_calibrate.o
  CC      lib/kobject_uevent.o
  CC      drivers/input/touchscreen/mediatek/tpd_debug.o
  AR      sound/soc/mediatek/mt6781/built-in.a
  CC      drivers/iommu/mtk_iommu_ext.o
  CC      sound/soc/mediatek/scp_ultra/audio_ipi/ultra_ipi.o
  CC      net/ipv4/ip_sockglue.o
  CC      lib/memneq.o
  AR      sound/soc/mediatek/scp_ultra/audio_ipi/built-in.a
  CC      lib/nmi_backtrace.o
  CC      drivers/gpu/drm/drm_pci.o
  CC      sound/soc/mediatek/scp_ultra/mtk-scp-ultra-common.o
  AR      drivers/kernelsu/built-in.a
  CC      fs/ext4/xattr_user.o
  CC      drivers/md/dm-uevent.o
  AR      drivers/iommu/built-in.a
  CC      drivers/media/common/videobuf2/videobuf2-core.o
  CC      lib/nodemask.o
  CC      drivers/input/touchscreen/mediatek/tpd_default.o
  CC      fs/ext4/acl.o
  CC      lib/plist.o
  AR      drivers/mailbox/built-in.a
  CC      sound/soc/mediatek/scp_ultra/mtk-scp-ultra-pcm.o
  CC      sound/soc/mediatek/scp_ultra/mtk-scp-ultra-mem-control.o
  CC      drivers/gpu/drm/drm_sysfs.o
  CC      sound/soc/mediatek/scp_ultra/mtk-scp-ultra_dump.o
  CC      drivers/input/touchscreen/mediatek/tpd_misc.o
  CC      lib/radix-tree.o
  CC      drivers/md/dm.o
  CC      drivers/input/touchscreen/mediatek/tpd_setting.o
../drivers/gpu/drm/drm_sysfs.c:340:8: warning: unused variable 'dev_attr_modes' [-Wunused-variable]
  340 | static DEVICE_ATTR_RO(modes);
      |        ^~~~~~~~~~~~~~~~~~~~~
../include/linux/device.h:633:26: note: expanded from macro 'DEVICE_ATTR_RO'
  633 |         struct devic  CC      fs/ext4/xattr_security.o
e_attribute dev_attr_##_name = __ATTR_RO(_name)
      |                                 ^~~~~~~~~~~~~~~~
<scratch space>:158:1: note: expanded from here
  158 | dev_attr_modes
      | ^~~~~~~~~~~~~~
  CC      drivers/input/touchscreen/mediatek/lct_tp_info.o
  CC      net/ipv4/inet_hashtables.o
1 warning generated.
  CC      drivers/input/touchscreen/mediatek/lct_tp_selftest.o
  CC      drivers/md/dm-table.o
  CC      net/ipv4/inet_timewait_sock.o
  CC      drivers/media/common/videobuf2/vb2-trace.o
  CC      sound/soc/mediatek/scp_ultra/mtk-scp-ultra-platform-driver.o
  CC      lib/ratelimit.o
  CC      drivers/gpu/drm/drm_hashtab.o
  CC      lib/rbtree.o
  CC      fs/ext4/verity.o
  CC      lib/seq_buf.o
  CC      drivers/md/dm-target.o
  CC      drivers/input/touchscreen/mediatek/lct_tp_work.o
  CC      drivers/media/common/videobuf2/videobuf2-v4l2.o
  AR      sound/soc/mediatek/scp_ultra/built-in.a
  AR      sound/soc/mediatek/built-in.a
  CC      lib/sha1.o
  AR      sound/soc/built-in.a
  CC      net/core/sock_diag.o
  CC      lib/show_mem.o
  CC      sound/last.o
  CC      drivers/gpu/drm/drm_mm.o
  CC      lib/siphash.o
  CC      drivers/md/dm-linear.o
  AR      fs/ext4/built-in.a
  CC      net/ipv4/inet_connection_sock.o
  CC      fs/f2fs/dir.o
  CC      lib/string.o
  AR      sound/built-in.a
  CC      net/ipv4/tcp.o
  CC      net/ipv4/tcp_input.o
  CC      drivers/input/touchscreen/mediatek/lct_tp_gesture.o
  CC      drivers/gpu/drm/drm_crtc.o
  CC      drivers/media/common/videobuf2/videobuf2-memops.o
  CC      drivers/md/dm-stripe.o
  CC      lib/timerqueue.o
  CC      drivers/md/dm-ioctl.o
  CC      drivers/input/touchscreen/mediatek/lct_tp_grip_area.o
  CC      lib/vsprintf.o
  CC      drivers/gpu/drm/drm_fourcc.o
  CC      net/core/dev_ioctl.o
  CC      drivers/media/common/videobuf2/videobuf2-dma-contig.o
  CC      drivers/md/dm-io.o
  CC      fs/f2fs/file.o
  CC      drivers/input/touchscreen/mediatek/lct_tp_palm.o
  CC      drivers/gpu/drm/drm_modes.o
  CC      net/ipv4/tcp_output.o
  CC      drivers/md/dm-kcopyd.o
  CC      drivers/gpu/drm/drm_edid.o
  CC      drivers/input/touchscreen/mediatek/tp_common.o
  CC      net/core/tso.o
  AR      drivers/media/common/videobuf2/built-in.a
  AR      drivers/media/common/built-in.a
  CC      drivers/gpu/drm/drm_info.o
  CC      drivers/media/platform/mtk-jpeg/mtk_jpeg_core.o
  CC      drivers/input/touchscreen/mediatek/ft3418_i2c/focaltech_core.o
  CC      drivers/media/platform/mtk-jpeg/mtk_jpeg_enc_hw.o
  CC      drivers/gpu/drm/drm_encoder_slave.o
  CC      lib/win_minmax.o
  CC      drivers/gpu/drm/drm_trace_points.o
  CC      drivers/md/dm-sysfs.o
  CC      drivers/media/platform/mtk-jpeg/mtk_jpeg_dec_hw.o
  CC      net/ipv4/tcp_timer.o
  CC      drivers/input/touchscreen/mediatek/ft3418_i2c/focaltech_ex_fun.o
  CC      drivers/media/platform/mtk-jpeg/mtk_jpeg_dec_parse.o
  CC      net/core/sock_reuseport.o
  AR      lib/lib.a
  CC      fs/f2fs/inode.o
  EXPORTS lib/lib-ksyms.o
  CC      fs/f2fs/namei.o
  CC      fs/f2fs/hash.o
  CC      drivers/md/dm-stats.o
  CC      drivers/gpu/drm/drm_global.o
  CC      drivers/gpu/drm/drm_prime.o
  AR      drivers/media/platform/mtk-jpeg/built-in.a
  CC      net/ipv4/tcp_ipv4.o
  CC      drivers/media/platform/mtk-vcodec/mtk_vcodec_dec_drv.o
  CC      drivers/input/touchscreen/mediatek/ft3418_i2c/focaltech_ex_mode.o
  CC      drivers/media/platform/mtk-vcodec/vdec_drv_if.o
  AR      lib/built-in.a
  CC      fs/f2fs/super.o
  CC      fs/f2fs/inline.o
  CC      net/core/fib_notifier.o
  CC      fs/f2fs/checkpoint.o
  CC      net/ipv4/tcp_minisocks.o
  CC      drivers/input/touchscreen/mediatek/ft3418_i2c/focaltech_gesture.o
  CC      fs/f2fs/gc.o
  CC      drivers/md/dm-rq.o
  CC      drivers/media/platform/mtk-vcodec/mtk_vcodec_dec.o
  CC      drivers/gpu/drm/drm_rect.o
  CC      drivers/input/touchscreen/mediatek/ft3418_i2c/focaltech_esdcheck.o
  CC      fs/f2fs/data.o
  CC      drivers/input/touchscreen/mediatek/ft3418_i2c/focaltech_point_report_check.o
  CC      net/core/xdp.o
  CC      drivers/input/touchscreen/mediatek/ft3418_i2c/focaltech_flash/focaltech_upgrade_ft3418.o
  CC      drivers/input/touchscreen/mediatek/ft3418_i2c/focaltech_test/focaltech_test.o
  CC      fs/f2fs/node.o
  CC      drivers/media/platform/mtk-vcodec/mt6781/mtk_vcodec_dec_pm.o
  CC      drivers/md/dm-builtin.o
  CC      net/ipv4/tcp_cong.o
  CC      drivers/gpu/drm/drm_vma_manager.o
  CC      fs/f2fs/segment.o
  AR      drivers/input/touchscreen/mediatek/ft3418_i2c/focaltech_flash/built-in.a
  CC      drivers/input/touchscreen/mediatek/ft3418_i2c/focaltech_flash.o
  CC      net/ipv4/tcp_metrics.o
  CC      drivers/media/platform/mtk-vcodec/vdec/vdec_common_if.o
  CC      net/core/net-sysfs.o
  CC      drivers/input/touchscreen/mediatek/ft3418_i2c/focaltech_i2c.o
  CC      drivers/md/dm-bufio.o
  CC      drivers/md/dm-crypt.o
  CC      drivers/gpu/drm/drm_flip_work.o
  CC      drivers/input/touchscreen/mediatek/ft3418_i2c/focaltech_test/focaltech_test_ini.o
  CC      drivers/media/platform/mtk-vcodec/vdec/vdec_log_if.o
  CC      fs/f2fs/recovery.o
  CC      net/ipv4/tcp_fastopen.o
  CC      fs/f2fs/shrinker.o
  CC      net/ipv4/tcp_rate.o
  CC      drivers/media/platform/mtk-vcodec/vdec_vcu_if.o
  CC      fs/f2fs/extent_cache.o
  CC      drivers/gpu/drm/drm_modeset_lock.o
  CC      fs/f2fs/sysfs.o
  CC      drivers/input/touchscreen/mediatek/ft3418_i2c/focaltech_test/supported_ic/focaltech_test_ft3418.o
  CC      drivers/md/dm-default-key.o
  CC      fs/f2fs/debug.o
  CC      drivers/md/dm-snap.o
  CC      drivers/media/platform/mtk-vcodec/mtk_vcodec_enc.o
  CC      net/core/net-procfs.o
  CC      fs/f2fs/xattr.o
  CC      drivers/md/dm-exception-store.o
  CC      drivers/gpu/drm/drm_atomic.o
  CC      net/ipv4/tcp_recovery.o
  AR      drivers/input/touchscreen/mediatek/ft3418_i2c/focaltech_test/supported_ic/built-in.a
  AR      drivers/input/touchscreen/mediatek/ft3418_i2c/focaltech_test/built-in.a
  AR      drivers/input/touchscreen/mediatek/ft3418_i2c/built-in.a
  CC      net/ipv4/tcp_ulp.o
  CC      fs/f2fs/acl.o
  AR      drivers/input/touchscreen/mediatek/built-in.a
  AR      drivers/input/touchscreen/built-in.a
  AR      drivers/input/built-in.a
  CC      fs/f2fs/verity.o
  CC      drivers/memory/mtk-smi.o
  CC      drivers/mfd/mfd-core.o
  CC      net/core/fib_rules.o
  CC      net/core/net-traces.o
  CC      drivers/media/platform/mtk-vcodec/mtk_vcodec_enc_drv.o
  CC      drivers/media/platform/mtk-vcodec/mt6781/mtk_vcodec_enc_pm.o
  CC      drivers/md/dm-snap-transient.o
  CC      drivers/memory/mediatek/emicen_old.o
  AR      fs/f2fs/built-in.a
  CC      drivers/mfd/syscon.o
  CC      net/ipv4/tcp_offload.o
  CC      fs/fat/cache.o
  CC      drivers/media/platform/mtk-vcodec/venc_drv_if.o
../drivers/memory/mediatek/emicen_old.c:1061:13: warning: cast to smaller integer type 'int' from 'const void *' [-Wvoid-pointer-to-int-cast]
 1061 |         cen->ver = (int)of_device_get_match_data(&pdev->dev);
      |                    ^~~~~~~~~~~~~~~~~~~~~~~~~~~~~~~~~~~~~~~~~
  CC      drivers/md/dm-snap-persistent.o
  CC      drivers/md/dm-verity-fec.o
  CC      drivers/gpu/drm/drm_bridge.o
1 warning generated.
  CC      drivers/memory/mediatek/emimpu_old.o
  CC      drivers/mfd/mt6358-core.o
  CC      fs/fat/dir.o
  CC      drivers/media/platform/mtk-vcodec/venc/venc_common_if.o
  CC      drivers/memory/mediatek/emiisu_old.o
  CC      drivers/media/platform/mtk-vcodec/venc/venc_log_if.o
  CC      drivers/md/dm-verity-target.o
  CC      net/core/dst_cache.o
  CC      net/core/gro_cells.o
  CC      drivers/gpu/drm/drm_framebuffer.o
  CC      fs/fat/fatent.o
  CC      drivers/media/platform/mtk-vcodec/venc_vcu_if.o
  CC      drivers/mfd/mt635x-ot-debug.o
  AR      drivers/memory/mediatek/built-in.a
  AR      drivers/memory/built-in.a
  CC      drivers/mfd/mt6358-misc.o
  CC      drivers/media/platform/mtk-vcodec/mt6781/mtk_vcodec_intr.o
  CC      net/ipv4/datagram.o
  CC      fs/fat/file.o
  CC      fs/fat/inode.o
  CC      drivers/md/dm-bow.o
  CC      drivers/media/platform/mtk-vcodec/mtk_vcodec_util.o
  CC      drivers/media/platform/mtk-vcodec/mt6781/vcodec_dvfs.o
  CC      drivers/gpu/drm/drm_connector.o
  AR      drivers/mfd/built-in.a
  CC      drivers/misc/ant_check.o
  CC      fs/fat/misc.o
  CC      drivers/media/platform/mtk-vcodec/mt6781/vcodec_bw.o
  CC      drivers/mmc/core/core.o
  CC      drivers/mmc/core/bus.o
  AR      net/core/built-in.a
*GPU defined GPU BM QoS 2.0-419
*direct build mali-r32p1 for CONFIG_MACH_MT6781
$GED: CONFIG_MTK_PLATFORM is ["mt6785"]
  CC      drivers/gpu/mediatek/ged/src/ged_ski.o
  CC      drivers/md/dm-user.o
  CC      fs/fat/nfs.o
  AR      drivers/media/platform/mtk-vcodec/built-in.a
  CC      fs/fat/namei_vfat.o
  CC      drivers/media/platform/mtk-vcu/mtk_vcu.o
  CC      drivers/misc/board_id.o
  CC      drivers/media/platform/mtk-vcu/mtk_vcodec_mem.o
  CC      net/ipv4/raw.o
  CC      drivers/gpu/mediatek/ged/src/ged.o
  CC      net/ipv6/af_inet6.o
  CC      drivers/misc/cpumaxfreq.o
  CC      drivers/gpu/drm/drm_blend.o
  CC      drivers/mmc/core/host.o
  CC      fs/fat/namei_msdos.o
  AR      drivers/md/built-in.a
  CC      drivers/misc/simtray.o
  CC      drivers/gpu/mediatek/ged/src/ged_base.o
  CC      drivers/gpu/mediatek/ged/src/ged_main.o
  CC      drivers/net/dummy.o
  CC      drivers/misc/aw8622_haptic/aw8622_haptic.o
  CC      drivers/gpu/mediatek/ged/src/ged_sysfs.o
  CC      drivers/mmc/core/mmc.o
  CC      drivers/gpu/mediatek/gpu_bm/gpu_bm.o
  CC      drivers/gpu/mediatek/ged/src/ged_hal.o
  AR      fs/fat/built-in.a
../drivers/misc/aw8622_haptic/aw8622_haptic.c:973:24: warning: unused variable 'haptic' [-Wunused-variable]
  973 |         struct aw8622_haptic *haptic = dev_get_drvdata(dev);
      |                               ^~~~~~
  CC      drivers/gpu/drm/drm_encoder.o
  CC      fs/fuse/dev.o
  CC      drivers/gpu/mediatek/ged/src/ged_log.o
  CC      drivers/net/ifb.o
  CC      drivers/mmc/core/mmc_ops.o
1 warning generated.
  AR      drivers/media/platform/mtk-vcu/built-in.a
  AR      drivers/misc/aw8622_haptic/built-in.a
  AR      drivers/media/platform/built-in.a
  CC      drivers/misc/mediatek/accdet/accdet_drv.o
  CC      drivers/media/v4l2-core/v4l2-dev.o
  CC      net/ipv4/udp.o
../drivers/gpu/mediatek/ged/src/ged_hal.c:212:9: warning: unused variable 'j' [-Wunused-variable]
  212 |         int i, j;
      |                ^
1 warning generated.
  CC      drivers/media/v4l2-core/v4l2-ioctl.o
  CC      net/ipv6/anycast.o
  AR      drivers/gpu/mediatek/gpu_bm/built-in.a
  CC      drivers/media/v4l2-core/v4l2-device.o
  CC      drivers/media/v4l2-core/v4l2-fh.o
  CC      drivers/misc/mediatek/accdet/mt6358/accdet.o
  CC      drivers/gpu/drm/drm_mode_object.o
  CC      drivers/net/mii.o
  CC      drivers/mmc/core/sd.o
  CC      drivers/gpu/mediatek/ged/src/ged_bridge.o
  CC      drivers/media/v4l2-core/v4l2-event.o
  CC      drivers/media/v4l2-core/v4l2-ctrls.o
  CC      drivers/media/v4l2-core/v4l2-subdev.o
  CC      drivers/gpu/mediatek/ged/src/ged_monitor_3D_fence.o
  CC      fs/fuse/dir.o
  CC      net/ipv6/ip6_output.o
  CC      drivers/gpu/mediatek/ged/src/ged_notify_sw_vsync.o
  CC      drivers/mmc/core/sd_ops.o
  CC      drivers/gpu/drm/drm_property.o
  AR      drivers/misc/mediatek/accdet/mt6358/built-in.a
  AR      drivers/misc/mediatek/accdet/built-in.a
  CC      net/ipv6/ip6_input.o
  CC      drivers/net/Space.o
  CC      drivers/misc/mediatek/adsp/mt6781/../common_v2/adsp_core.o
  CC      drivers/gpu/drm/drm_plane.o
  CC      drivers/media/v4l2-core/v4l2-clk.o
  CC      drivers/gpu/mediatek/ged/src/ged_hashtable.o
  CC      drivers/gpu/mediatek/ged/src/ged_thread.o
  CC      fs/fuse/file.o
  CC      drivers/misc/mediatek/adsp/mt6781/../common_v2/adsp_fs.o
  CC      drivers/net/loopback.o
  CC      fs/fuse/inode.o
  CC      drivers/mmc/core/sdio.o
  CC      drivers/gpu/mediatek/ged/src/ged_ge.o
  CC      drivers/gpu/drm/drm_color_mgmt.o
  CC      net/ipv4/udplite.o
  CC      drivers/media/v4l2-core/v4l2-async.o
  CC      drivers/gpu/drm/drm_print.o
  CC      drivers/misc/mediatek/adsp/mt6781/../common_v2/adsp_semaphore.o
  CC      drivers/gpu/mediatek/ged/src/ged_dvfs.o
  CC      net/ipv6/addrconf.o
  CC      drivers/mmc/core/sdio_ops.o
  CC      drivers/misc/mediatek/adsp/mt6781/../common_v2/adsp_logger.o
../drivers/gpu/mediatek/ged/src/ged_dvfs.c:1011:8: warning: mixing declarations and code is a C99 extension [-Wdeclaration-after-statement]
 1011 |                         int i32NewFreqID =
      |                             ^
  CC      drivers/net/phy/mdio-boardinfo.o
  CC      drivers/mmc/core/sdio_bus.o
1 warning generated.
  CC      drivers/misc/mediatek/adsp/mt6781/../common_v2/adsp_feature_table.o
  CC      fs/fuse/control.o
  CC      drivers/gpu/mediatek/ged/src/ged_gpu_tuner.o
  CC      drivers/media/v4l2-core/v4l2-compat-ioctl32.o
  CC      fs/fuse/xattr.o
  CC      drivers/gpu/drm/drm_dumb_buffers.o
  CC      drivers/mmc/core/sdio_cis.o
  CC      drivers/gpu/drm/drm_mode_config.o
  CC      drivers/misc/mediatek/adsp/mt6781/../common_v2/adsp_timesync.o
  CC      drivers/gpu/mediatek/ged/src/ged_kpi.o
  CC      net/ipv4/udp_offload.o
  CC      drivers/net/phy/phy.o
  CC      fs/fuse/acl.o
../drivers/gpu/mediatek/ged/src/ged_kpi.c:52:9: warning: 'GED_TAG' macro redefined [-Wmacro-redefined]
   52 | #define GED_TAG "[GED_KPI]"
      |         ^
../drivers/gpu/mediatek/ged/include/ged_base.h:12:9: note: previous definition is here
   12 | #define GED_TAG "[GPU/GED]"
      |         ^
  CC      drivers/gpu/drm/drm_vblank.o
  CC      drivers/mmc/core/sdio_io.o
  CC      fs/fuse/passthrough.o
  CC      drivers/mmc/core/sdio_irq.o
1 warning generated.
  AR      drivers/misc/mediatek/adsp/mt6781/../common_v2/built-in.a
  CC      drivers/misc/mediatek/adsp/mt6781/adsp_awake.o
../drivers/gpu/mediatek/ged/src/ged_kpi.c:52:9: warning: 'GED_TAG' macro redefined [-Wmacro-redefined]
   52 | #define GED_TAG "[GED_KPI]"
      |         ^
../drivers/gpu/mediatek/ged/include/ged_base.h:12:9: note: previous definition is here
   12 | #define GED_TAG "[GPU/GED]"
      |         ^
1 warning generated.
  AR      drivers/gpu/mediatek/ged/built-in.a
mali MTK evironment, building r32p1 DDK
mtk-Kbuild CONFIG_MALI_PLATFORM_THIRDPARTY := y
mtk-Kbuild CONFIG_MALI_PLATFORM_THIRDPARTY_NAME := "mt6781"
*GPU defined GPU BM QoS 2.0
mali MTK evironment, building r32p1 DDK
mtk-Kbuild CONFIG_MALI_PLATFORM_THIRDPARTY := y
mtk-Kbuild CONFIG_MALI_PLATFORM_THIRDPARTY_NAME := "mt6781"
*GPU defined GPU BM QoS 2.0
mali MTK evironment, building r32p1 DDK
mtk-Kbuild CONFIG_MALI_PLATFORM_THIRDPARTY := y
mtk-Kbuild CONFIG_MALI_PLATFORM_THIRDPARTY_NAME := "mt6781"
*GPU defined GPU BM QoS 2.0
  CC      drivers/gpu/mediatek/gpufreq/v1/mtk_gpufreq_common.o
  CC      drivers/misc/mediatek/adsp/mt6781/adsp_clk.o
  AR      fs/fuse/built-in.a
  CC      drivers/gpu/drm/drm_syncobj.o
  CC      fs/incfs/data_mgmt.o
  CC      drivers/misc/mediatek/adsp/mt6781/adsp_bus_monitor.o
  CC      drivers/gpu/mediatek/gpufreq/v1/mt6781/mtk_gpufreq_plat.o
  CC      drivers/gpu/mediatek/gpu_mali/mali_valhall/mali-r32p1/drivers/gpu/arm/midgard/platform/mtk_platform_common/mtk_platform_common.o
  CC      drivers/mmc/core/slot-gpio.o
  CC      drivers/gpu/mediatek/gpu_mali/mali_valhall/mali-r32p1/drivers/gpu/arm/midgard/platform/mtk_platform_common/mtk_gpu_dvfs.o
  CC      drivers/net/phy/phy-c45.o
  CC      drivers/gpu/drm/drm_lease.o
  CC      drivers/misc/mediatek/adsp/mt6781/adsp_reserved_mem.o
  CC      net/ipv6/addrlabel.o
  CC      net/ipv4/arp.o
  CC      fs/incfs/format.o
  CC      drivers/media/v4l2-core/v4l2-trace.o
  CC      drivers/misc/mediatek/adsp/mt6781/adsp_platform_driver.o
  CC      drivers/mmc/core/pwrseq.o
  CC      drivers/media/v4l2-core/v4l2-mc.o
  CC      drivers/gpu/mediatek/gpu_mali/mali_valhall/mali-r32p1/drivers/gpu/arm/midgard/platform/mtk_platform_common/mtk_mfg_counter.o
  CC      drivers/net/phy/phy-core.o
  CC      drivers/gpu/drm/drm_writeback.o
  CC      fs/incfs/integrity.o
  AR      drivers/gpu/mediatek/gpufreq/v1/mt6781/built-in.a
  AR      drivers/gpu/mediatek/gpufreq/v1/built-in.a
  CC      drivers/gpu/mediatek/gpu_mali/mali_valhall/mali-r32p1/drivers/gpu/arm/midgard/platform/mtk_platform_common/mtk_gpu_power_sspm_ipi.o
  AR      drivers/gpu/mediatek/gpufreq/built-in.a
  CC      drivers/gpu/mediatek/gpu_mali/mali_valhall/mali-r32p1/drivers/gpu/arm/midgard/mali_kbase_cache_policy.o
  CC      drivers/mmc/core/pwrseq_simple.o
  CC      drivers/gpu/mediatek/hal/mtk_gpu_utility.o
  CC      net/ipv6/route.o
  CC      drivers/misc/mediatek/adsp/mt6781/adsp_platform.o
  CC      fs/incfs/main.o
  CC      drivers/net/phy/phy_device.o
  CC      drivers/media/v4l2-core/v4l2-common.o
  CC      fs/incfs/pseudo_files.o
  CC      drivers/gpu/drm/drm_client.o
  CC      drivers/mmc/core/pwrseq_emmc.o
  CC      fs/incfs/sysfs.o
  AR      drivers/gpu/mediatek/hal/built-in.a
  CC      fs/incfs/vfs.o
  CC      drivers/misc/mediatek/adsp/mt6781/adsp_ipi.o
